[backblue.gif]
[fade.gif]
[index.html]
[controller.access.network/101/portal/resources/_javascript/jquery-1.5.2.minfef7.js]
[controller.access.network/101/portal/resources/_javascript/jquery.sprintffef7.js]
[controller.access.network/101/portal/resources/_javascript/calendar/calendarfef7.js]
[controller.access.network/101/portal/portalfef7.js]
[controller.access.network/javascript/jquery.portal_apifef7.js]
[controller.access.network/101/portal/resources/_images/flags/fr.png]
[controller.access.network/101/portal/resources/_images/flags/de.png]
[controller.access.network/101/portal/resources/_images/flags/en.png]
[controller.access.network/101/portal/resources/_images/flags/es.png]
[controller.access.network/101/portal/resources/_images/flags/it.png]
[controller.access.network/101/portal/resources/_images/flags/nl.png]
[controller.access.network/101/portal/resources/_images/flags/pt.png]
[controller.access.network/101/portal/resources/_images/flags/pl.png]
[controller.access.network/101/portal/resources/_images/flags/cn.png]
[controller.access.network/101/portal/resources/_images/flags/cn_TW.png]
[controller.access.network/101/portal/resources/_images/flags/ar.png]
[controller.access.network/101/portal/resources/_images/flags/ko.png]
[controller.access.network/101/portal/resources/_images/flags/ja.png]
[controller.access.network/101/portal/resources/_images/flags/th.png]
[controller.access.network/101/portal/resources/_images/flags/ru.png]
[controller.access.network/101/portal/resources/_images/flags/id.png]
[controller.access.network/101/portal/resources/_images/loader.gif]
[controller.access.network/101/portal/resources/_images/shibboleth.png]
[controller.access.network/101/portal/resources/_images/ticket.png]
[controller.access.network/101/portal/resources/_images/one.png]
[controller.access.network/101/portal/resources/_images/direct.png]
[controller.access.network/101/portal/resources/_images/print.png]
[controller.access.network/101/portal/resources/_images/sms.png]
[controller.access.network/101/portal/resources/_images/mail.png]
[controller.access.network/101/portal/resources/_images/ingenico.png]
[controller.access.network/101/portal/resources/_images/calendar.png]
[controller.access.network/101/portal/resources/_images/flags/sw.png]
[controller.access.network/101/portal/resources/_images/horizontal_gradient.png]
[controller.access.network/101/portal/resources/_images/Logo Itescia Couleur.png]
[controller.access.network/101/portal/index.html]
[controller.access.network/101/portal/resources/_images/gradient_slice449d.png]
[controller.access.network/101/portal/resources/_images/planet449d.png]
[controller.access.network/101/portal/resources/_images/header449d.png]
[controller.access.network/101/portal/resources/_images/social-sprite-32449d.png]
[controller.access.network/101/portal/resources/_images/help449d.png]
[controller.access.network/101/portal/resources/_images/trash449d.png]
[controller.access.network/101/portal/resources/_images/openid8e8b.png]
[controller.access.network/101/portal/resources/_images/wispr8e8b.png]
[controller.access.network/101/portal/portalfef7.css]
[controller.access.network/101/portal/resources/_css/calendar-mosfef7.css]
[controller.access.network/101/portal/resources/_images/paypal.png]
